// Jest Snapshot v1, https://goo.gl/fbAQLP

exports[`Project Module Component should match snapshot 1`] = `
<div
  className="votes-graph"
  style={
    Object {
      "marginTop": NaN,
    }
  }
>
  <svg
    className="votes-view-svg"
    height={NaN}
  >
    <VotesViewCapitalRaised
      fetchProjects={[MockFunction]}
      prop_sample={
        Object {
          "1": 0,
          "2": -30,
          "3": -10,
          "4": 0,
          "5": 0,
        }
      }
      selectedProject={null}
    />
    <VotesViewPitchedProjects
      fetchProjects={[MockFunction]}
      prop_sample={
        Object {
          "1": 0,
          "2": -30,
          "3": -10,
          "4": 0,
          "5": 0,
        }
      }
      selectedProject={null}
      toggleSelectedProject={[Function]}
    />
  </svg>
</div>
`;
