// Jest Snapshot v1, https://goo.gl/fbAQLP

exports[`Project Module Component should match snapshot 1`] = `
<CashFlowGraph
  accum_actual_cashflow={
    Object {
      "1": 0,
      "2": -30,
      "3": -40,
      "4": 0,
      "5": 0,
    }
  }
  accum_projected_cashflow={
    Object {
      "1": 0,
      "2": -15,
      "3": -25,
      "4": 15,
      "5": 60,
    }
  }
  actual_cashflow={
    Object {
      "1": 0,
      "2": -30,
      "3": -10,
      "4": 0,
      "5": 0,
    }
  }
  fetchProjects={[MockFunction]}
  height={200}
  projected_cashflow={
    Object {
      "1": 0,
      "2": -15,
      "3": -10,
      "4": 40,
      "5": 45,
    }
  }
  width={300}
>
  <div
    className="cashflow-graph"
  >
    <div
      id="cash-graph"
    >
      <div
        className="title-wrapper"
      >
        <h3
          className="text-hidden"
        >
          cashflow
        </h3>
      </div>
    </div>
  </div>
</CashFlowGraph>
`;
