// Jest Snapshot v1, https://goo.gl/fbAQLP

exports[`Wallet information should render without throwing an error 1`] = `
<form
  className="wallet-form"
>
  <div
    className="wallet current-wallet"
  >
    <p
      className="wallet-label current-wallet-label"
    >
      current wallet
    </p>
    <div
      className="wallet-id current-wallet-id"
    />
  </div>
  <div
    className="wallet integrate-wallet"
  >
    <p
      className="wallet-label integrate wallet-label"
    >
      integrate new wallet
    </p>
    <div
      className="input-container"
    >
      <input
        className="wallet-id integrate-wallet-input"
        onChange={[Function]}
        placeholder="################"
        type="text"
        value=""
      />
      <button
        onClick={[Function]}
        type="submit"
      >
        <img
          className="wallet-submit"
          src="https://s3.amazonaws.com/genie-portal-dev/static/wallet.svg"
        />
      </button>
    </div>
  </div>
</form>
`;
