// Jest Snapshot v1, https://goo.gl/fbAQLP

exports[`Project Graph Component should render without throwing an error 1`] = `
<ProjectGraph
  chart="loading"
  fetchProjects={
    [MockFunction] {
      "calls": Array [
        Array [],
      ],
      "results": Array [
        Object {
          "isThrow": false,
          "value": Promise {},
        },
      ],
    }
  }
>
  <div
    className="graph-container"
  >
    <div
      className="series content graph"
      id="project"
    >
      <div
        id="graph"
      />
    </div>
  </div>
</ProjectGraph>
`;
